jangjooyoon@jangjuyun-ui-MacBookPro backend % docker ps
CONTAINER ID   IMAGE          COMMAND                  CREATED          STATUS          PORTS                    NAMES
b1b749cedb65   redis:latest   "docker-entrypoint.sâ€¦"   35 seconds ago   Up 34 seconds   0.0.0.0:6379->6379/tcp   backend-my-redis-1
jangjooyoon@jangjuyun-ui-MacBookPro backend % docker exec -it b1b749cedb65 /bin/bash
root@b1b749cedb65:/data# redis-cli
127.0.0.1:6379> keys *
(empty array)
127.0.0.1:6379> set qqq apple
OK
127.0.0.1:6379> get qqq
"apple"
127.0.0.1:6379> ttl qqq
(integer) -1
127.0.0.1:6379> expire qqq 20
(integer) 1
127.0.0.1:6379> qqq
(error) ERR unknown command 'qqq', with args beginning with: 
127.0.0.1:6379> get qqq
"apple"
127.0.0.1:6379> ttl qqq
(integer) 8
127.0.0.1:6379> ttl qqq
(integer) 6
127.0.0.1:6379> keys *
(empty array)
127.0.0.1:6379> 